---
source: packages/qwik/src/optimizer/core/src/test.rs
assertion_line: 1168
expression: output
---
==INPUT==


import { $, component$ } from '@builder.io/qwik';
import thing from "../state";

export function foo() {
    return import("../state")
}

export const Header = component$(() => {
    return (
        <div>
            {import("../state")}
            {thing}
        </div>
    );
});

============================= project/folder/header_component_rggm7ks9qwi.tsx (ENTRY POINT)==

import thing from "../state";
export const Header_component_RGgm7Ks9QWI = ()=>{
    return <div>

            {import("./project/state")}

            {thing}

        </div>;
};


Some("{\"version\":3,\"sources\":[\"/user/qwik/src/project/folder/test.tsx\"],\"names\":[],\"mappings\":\";4CAQiC,IAAM;IACnC,QACK,IAAI;;YACD,CAAC,MAAM,CAAC,mBAAY;;YACpB,CAAC,MAAM;;QACX,EAAE;AAEV\"}")
/*
{
  "origin": "project/folder/test.tsx",
  "name": "Header_component_RGgm7Ks9QWI",
  "entry": null,
  "displayName": "Header_component",
  "hash": "RGgm7Ks9QWI",
  "canonicalFilename": "header_component_rggm7ks9qwi",
  "path": "project/folder",
  "extension": "tsx",
  "parent": null,
  "ctxKind": "function",
  "ctxName": "component$",
  "captures": false,
  "loc": [
    173,
    284
  ]
}
*/
============================= project/folder/test.tsx ==

import { componentQrl } from "@builder.io/qwik";
import { qrl } from "@builder.io/qwik";
export function foo() {
    return import("../state");
}
export const Header = /*#__PURE__*/ componentQrl(/*#__PURE__*/ qrl(()=>import("./header_component_rggm7ks9qwi"), "Header_component_RGgm7Ks9QWI"));


Some("{\"version\":3,\"sources\":[\"/user/qwik/src/project/folder/test.tsx\"],\"names\":[],\"mappings\":\";;AAIA,OAAO,SAAS,MAAM;IAClB,OAAO,MAAM,CAAC;AAClB,CAAC;AAED,OAAO,MAAM,uBAAS,8GAOnB\"}")
== DIAGNOSTICS ==

[]
